// Jest Snapshot v1, https://goo.gl/fbAQLP

exports[`Stack Snapshot Test 1`] = `
{
  "Mappings": {
    "LatestNodeRuntimeMap": {
      "af-south-1": {
        "value": "nodejs22.x",
      },
      "ap-east-1": {
        "value": "nodejs22.x",
      },
      "ap-east-2": {
        "value": "nodejs22.x",
      },
      "ap-northeast-1": {
        "value": "nodejs22.x",
      },
      "ap-northeast-2": {
        "value": "nodejs22.x",
      },
      "ap-northeast-3": {
        "value": "nodejs22.x",
      },
      "ap-south-1": {
        "value": "nodejs22.x",
      },
      "ap-south-2": {
        "value": "nodejs22.x",
      },
      "ap-southeast-1": {
        "value": "nodejs22.x",
      },
      "ap-southeast-2": {
        "value": "nodejs22.x",
      },
      "ap-southeast-3": {
        "value": "nodejs22.x",
      },
      "ap-southeast-4": {
        "value": "nodejs22.x",
      },
      "ap-southeast-5": {
        "value": "nodejs22.x",
      },
      "ap-southeast-7": {
        "value": "nodejs22.x",
      },
      "ca-central-1": {
        "value": "nodejs22.x",
      },
      "ca-west-1": {
        "value": "nodejs22.x",
      },
      "cn-north-1": {
        "value": "nodejs22.x",
      },
      "cn-northwest-1": {
        "value": "nodejs22.x",
      },
      "eu-central-1": {
        "value": "nodejs22.x",
      },
      "eu-central-2": {
        "value": "nodejs22.x",
      },
      "eu-isoe-west-1": {
        "value": "nodejs18.x",
      },
      "eu-north-1": {
        "value": "nodejs22.x",
      },
      "eu-south-1": {
        "value": "nodejs22.x",
      },
      "eu-south-2": {
        "value": "nodejs22.x",
      },
      "eu-west-1": {
        "value": "nodejs22.x",
      },
      "eu-west-2": {
        "value": "nodejs22.x",
      },
      "eu-west-3": {
        "value": "nodejs22.x",
      },
      "eusc-de-east-1": {
        "value": "nodejs22.x",
      },
      "il-central-1": {
        "value": "nodejs22.x",
      },
      "me-central-1": {
        "value": "nodejs22.x",
      },
      "me-south-1": {
        "value": "nodejs22.x",
      },
      "mx-central-1": {
        "value": "nodejs22.x",
      },
      "sa-east-1": {
        "value": "nodejs22.x",
      },
      "us-east-1": {
        "value": "nodejs22.x",
      },
      "us-east-2": {
        "value": "nodejs22.x",
      },
      "us-gov-east-1": {
        "value": "nodejs22.x",
      },
      "us-gov-west-1": {
        "value": "nodejs22.x",
      },
      "us-iso-east-1": {
        "value": "nodejs18.x",
      },
      "us-iso-west-1": {
        "value": "nodejs18.x",
      },
      "us-isob-east-1": {
        "value": "nodejs18.x",
      },
      "us-isob-west-1": {
        "value": "nodejs18.x",
      },
      "us-west-1": {
        "value": "nodejs22.x",
      },
      "us-west-2": {
        "value": "nodejs22.x",
      },
    },
  },
  "Outputs": {
    "RetakeExamApiEndpoint33FA7D1F": {
      "Value": {
        "Fn::Join": [
          "",
          [
            "https://",
            {
              "Ref": "RetakeExamApi63A028CF",
            },
            ".execute-api.",
            {
              "Ref": "AWS::Region",
            },
            ".",
            {
              "Ref": "AWS::URLSuffix",
            },
            "/",
            {
              "Ref": "RetakeExamApiDeploymentStageprodD40DC8D4",
            },
            "/",
          ],
        ],
      },
    },
    "WebsiteURL": {
      "Value": {
        "Fn::GetAtt": [
          "CatWebsiteBucket56DD82B3",
          "WebsiteURL",
        ],
      },
    },
  },
  "Parameters": {
    "BootstrapVersion": {
      "Default": "/cdk-bootstrap/hnb659fds/version",
      "Description": "Version of the CDK Bootstrap resources in this environment, automatically retrieved from SSM Parameter Store. [cdk:skip]",
      "Type": "AWS::SSM::Parameter::Value<String>",
    },
  },
  "Resources": {
    "CatTableEAEA084A": {
      "DeletionPolicy": "Delete",
      "Properties": {
        "AttributeDefinitions": [
          {
            "AttributeName": "PK",
            "AttributeType": "S",
          },
          {
            "AttributeName": "SK",
            "AttributeType": "S",
          },
        ],
        "BillingMode": "PAY_PER_REQUEST",
        "KeySchema": [
          {
            "AttributeName": "PK",
            "KeyType": "HASH",
          },
          {
            "AttributeName": "SK",
            "KeyType": "RANGE",
          },
        ],
      },
      "Type": "AWS::DynamoDB::Table",
      "UpdateReplacePolicy": "Delete",
    },
    "CatWebsiteBucket56DD82B3": {
      "DeletionPolicy": "Delete",
      "Properties": {
        "PublicAccessBlockConfiguration": {
          "BlockPublicAcls": false,
          "BlockPublicPolicy": false,
          "IgnorePublicAcls": false,
          "RestrictPublicBuckets": false,
        },
        "Tags": [
          {
            "Key": "aws-cdk:auto-delete-objects",
            "Value": "true",
          },
          {
            "Key": "aws-cdk:cr-owned:0bbd7f95",
            "Value": "true",
          },
        ],
        "WebsiteConfiguration": {
          "IndexDocument": "index.html",
        },
      },
      "Type": "AWS::S3::Bucket",
      "UpdateReplacePolicy": "Delete",
    },
    "CatWebsiteBucketAutoDeleteObjectsCustomResource2A5964A3": {
      "DeletionPolicy": "Delete",
      "DependsOn": [
        "CatWebsiteBucketPolicyCDA402B6",
      ],
      "Properties": {
        "BucketName": {
          "Ref": "CatWebsiteBucket56DD82B3",
        },
        "ServiceToken": {
          "Fn::GetAtt": [
            "CustomS3AutoDeleteObjectsCustomResourceProviderHandler9D90184F",
            "Arn",
          ],
        },
      },
      "Type": "Custom::S3AutoDeleteObjects",
      "UpdateReplacePolicy": "Delete",
    },
    "CatWebsiteBucketPolicyCDA402B6": {
      "Properties": {
        "Bucket": {
          "Ref": "CatWebsiteBucket56DD82B3",
        },
        "PolicyDocument": {
          "Statement": [
            {
              "Action": "s3:GetObject",
              "Effect": "Allow",
              "Principal": {
                "AWS": "*",
              },
              "Resource": {
                "Fn::Join": [
                  "",
                  [
                    {
                      "Fn::GetAtt": [
                        "CatWebsiteBucket56DD82B3",
                        "Arn",
                      ],
                    },
                    "/*",
                  ],
                ],
              },
            },
            {
              "Action": [
                "s3:PutBucketPolicy",
                "s3:GetBucket*",
                "s3:List*",
                "s3:DeleteObject*",
              ],
              "Effect": "Allow",
              "Principal": {
                "AWS": {
                  "Fn::GetAtt": [
                    "CustomS3AutoDeleteObjectsCustomResourceProviderRole3B1BD092",
                    "Arn",
                  ],
                },
              },
              "Resource": [
                {
                  "Fn::GetAtt": [
                    "CatWebsiteBucket56DD82B3",
                    "Arn",
                  ],
                },
                {
                  "Fn::Join": [
                    "",
                    [
                      {
                        "Fn::GetAtt": [
                          "CatWebsiteBucket56DD82B3",
                          "Arn",
                        ],
                      },
                      "/*",
                    ],
                  ],
                },
              ],
            },
          ],
          "Version": "2012-10-17",
        },
      },
      "Type": "AWS::S3::BucketPolicy",
    },
    "CustomCDKBucketDeployment8693BB64968944B69AAFB0CC9EB8756C81C01536": {
      "DependsOn": [
        "CustomCDKBucketDeployment8693BB64968944B69AAFB0CC9EB8756CServiceRoleDefaultPolicy88902FDF",
        "CustomCDKBucketDeployment8693BB64968944B69AAFB0CC9EB8756CServiceRole89A01265",
      ],
      "Properties": {
        "Code": {
          "S3Bucket": {
            "Fn::Sub": "cdk-hnb659fds-assets-\${AWS::AccountId}-\${AWS::Region}",
          },
          "S3Key": "9a1fcb4a7ecba81ad70e9d3fb241f6794497da945dae5f25924e4dd002b65f2d.zip",
        },
        "Environment": {
          "Variables": {
            "AWS_CA_BUNDLE": "/etc/pki/ca-trust/extracted/pem/tls-ca-bundle.pem",
          },
        },
        "Handler": "index.handler",
        "Layers": [
          {
            "Ref": "DeployWebsiteAwsCliLayer17DBC421",
          },
        ],
        "Role": {
          "Fn::GetAtt": [
            "CustomCDKBucketDeployment8693BB64968944B69AAFB0CC9EB8756CServiceRole89A01265",
            "Arn",
          ],
        },
        "Runtime": "python3.11",
        "Timeout": 900,
      },
      "Type": "AWS::Lambda::Function",
    },
    "CustomCDKBucketDeployment8693BB64968944B69AAFB0CC9EB8756CServiceRole89A01265": {
      "Properties": {
        "AssumeRolePolicyDocument": {
          "Statement": [
            {
              "Action": "sts:AssumeRole",
              "Effect": "Allow",
              "Principal": {
                "Service": "lambda.amazonaws.com",
              },
            },
          ],
          "Version": "2012-10-17",
        },
        "ManagedPolicyArns": [
          {
            "Fn::Join": [
              "",
              [
                "arn:",
                {
                  "Ref": "AWS::Partition",
                },
                ":iam::aws:policy/service-role/AWSLambdaBasicExecutionRole",
              ],
            ],
          },
        ],
      },
      "Type": "AWS::IAM::Role",
    },
    "CustomCDKBucketDeployment8693BB64968944B69AAFB0CC9EB8756CServiceRoleDefaultPolicy88902FDF": {
      "Properties": {
        "PolicyDocument": {
          "Statement": [
            {
              "Action": [
                "s3:GetObject*",
                "s3:GetBucket*",
                "s3:List*",
              ],
              "Effect": "Allow",
              "Resource": [
                {
                  "Fn::Join": [
                    "",
                    [
                      "arn:",
                      {
                        "Ref": "AWS::Partition",
                      },
                      ":s3:::",
                      {
                        "Fn::Sub": "cdk-hnb659fds-assets-\${AWS::AccountId}-\${AWS::Region}",
                      },
                    ],
                  ],
                },
                {
                  "Fn::Join": [
                    "",
                    [
                      "arn:",
                      {
                        "Ref": "AWS::Partition",
                      },
                      ":s3:::",
                      {
                        "Fn::Sub": "cdk-hnb659fds-assets-\${AWS::AccountId}-\${AWS::Region}",
                      },
                      "/*",
                    ],
                  ],
                },
              ],
            },
            {
              "Action": [
                "s3:GetObject*",
                "s3:GetBucket*",
                "s3:List*",
                "s3:DeleteObject*",
                "s3:PutObject",
                "s3:PutObjectLegalHold",
                "s3:PutObjectRetention",
                "s3:PutObjectTagging",
                "s3:PutObjectVersionTagging",
                "s3:Abort*",
              ],
              "Effect": "Allow",
              "Resource": [
                {
                  "Fn::GetAtt": [
                    "CatWebsiteBucket56DD82B3",
                    "Arn",
                  ],
                },
                {
                  "Fn::Join": [
                    "",
                    [
                      {
                        "Fn::GetAtt": [
                          "CatWebsiteBucket56DD82B3",
                          "Arn",
                        ],
                      },
                      "/*",
                    ],
                  ],
                },
              ],
            },
          ],
          "Version": "2012-10-17",
        },
        "PolicyName": "CustomCDKBucketDeployment8693BB64968944B69AAFB0CC9EB8756CServiceRoleDefaultPolicy88902FDF",
        "Roles": [
          {
            "Ref": "CustomCDKBucketDeployment8693BB64968944B69AAFB0CC9EB8756CServiceRole89A01265",
          },
        ],
      },
      "Type": "AWS::IAM::Policy",
    },
    "CustomS3AutoDeleteObjectsCustomResourceProviderHandler9D90184F": {
      "DependsOn": [
        "CustomS3AutoDeleteObjectsCustomResourceProviderRole3B1BD092",
      ],
      "Properties": {
        "Code": {
          "S3Bucket": {
            "Fn::Sub": "cdk-hnb659fds-assets-\${AWS::AccountId}-\${AWS::Region}",
          },
          "S3Key": "faa95a81ae7d7373f3e1f242268f904eb748d8d0fdd306e8a6fe515a1905a7d6.zip",
        },
        "Description": {
          "Fn::Join": [
            "",
            [
              "Lambda function for auto-deleting objects in ",
              {
                "Ref": "CatWebsiteBucket56DD82B3",
              },
              " S3 bucket.",
            ],
          ],
        },
        "Handler": "index.handler",
        "MemorySize": 128,
        "Role": {
          "Fn::GetAtt": [
            "CustomS3AutoDeleteObjectsCustomResourceProviderRole3B1BD092",
            "Arn",
          ],
        },
        "Runtime": {
          "Fn::FindInMap": [
            "LatestNodeRuntimeMap",
            {
              "Ref": "AWS::Region",
            },
            "value",
          ],
        },
        "Timeout": 900,
      },
      "Type": "AWS::Lambda::Function",
    },
    "CustomS3AutoDeleteObjectsCustomResourceProviderRole3B1BD092": {
      "Properties": {
        "AssumeRolePolicyDocument": {
          "Statement": [
            {
              "Action": "sts:AssumeRole",
              "Effect": "Allow",
              "Principal": {
                "Service": "lambda.amazonaws.com",
              },
            },
          ],
          "Version": "2012-10-17",
        },
        "ManagedPolicyArns": [
          {
            "Fn::Sub": "arn:\${AWS::Partition}:iam::aws:policy/service-role/AWSLambdaBasicExecutionRole",
          },
        ],
      },
      "Type": "AWS::IAM::Role",
    },
    "DeployWebsiteAwsCliLayer17DBC421": {
      "Properties": {
        "Content": {
          "S3Bucket": {
            "Fn::Sub": "cdk-hnb659fds-assets-\${AWS::AccountId}-\${AWS::Region}",
          },
          "S3Key": "c49d356cac773d491c5f7ac148995a1181498a8e289429f8612a7f7e3814f535.zip",
        },
        "Description": "/opt/awscli/aws",
      },
      "Type": "AWS::Lambda::LayerVersion",
    },
    "DeployWebsiteCustomResourceD116527B": {
      "DeletionPolicy": "Delete",
      "Properties": {
        "DestinationBucketName": {
          "Ref": "CatWebsiteBucket56DD82B3",
        },
        "OutputObjectKeys": true,
        "Prune": true,
        "ServiceToken": {
          "Fn::GetAtt": [
            "CustomCDKBucketDeployment8693BB64968944B69AAFB0CC9EB8756C81C01536",
            "Arn",
          ],
        },
        "SourceBucketNames": [
          {
            "Fn::Sub": "cdk-hnb659fds-assets-\${AWS::AccountId}-\${AWS::Region}",
          },
        ],
        "SourceObjectKeys": [
          "82d1c92cda93dd621a02f89e92ada3414369e5bf129973100572b6c98fc9cfa0.zip",
        ],
      },
      "Type": "Custom::CDKBucketDeployment",
      "UpdateReplacePolicy": "Delete",
    },
    "FavoriteCatSubscription7DC71371": {
      "Properties": {
        "Endpoint": "BoykoBoev@students.softuni.bg",
        "Protocol": "email",
        "TopicArn": {
          "Ref": "FavoriteCatTopic3AA713D1",
        },
      },
      "Type": "AWS::SNS::Subscription",
    },
    "FavoriteCatTopic3AA713D1": {
      "Type": "AWS::SNS::Topic",
    },
    "RetakeExamApi63A028CF": {
      "Properties": {
        "Name": "RetakeExamApi",
      },
      "Type": "AWS::ApiGateway::RestApi",
    },
    "RetakeExamApiAccount7585074D": {
      "DeletionPolicy": "Retain",
      "DependsOn": [
        "RetakeExamApi63A028CF",
      ],
      "Properties": {
        "CloudWatchRoleArn": {
          "Fn::GetAtt": [
            "RetakeExamApiCloudWatchRoleF3234BBC",
            "Arn",
          ],
        },
      },
      "Type": "AWS::ApiGateway::Account",
      "UpdateReplacePolicy": "Retain",
    },
    "RetakeExamApiCloudWatchRoleF3234BBC": {
      "DeletionPolicy": "Retain",
      "Properties": {
        "AssumeRolePolicyDocument": {
          "Statement": [
            {
              "Action": "sts:AssumeRole",
              "Effect": "Allow",
              "Principal": {
                "Service": "apigateway.amazonaws.com",
              },
            },
          ],
          "Version": "2012-10-17",
        },
        "ManagedPolicyArns": [
          {
            "Fn::Join": [
              "",
              [
                "arn:",
                {
                  "Ref": "AWS::Partition",
                },
                ":iam::aws:policy/service-role/AmazonAPIGatewayPushToCloudWatchLogs",
              ],
            ],
          },
        ],
      },
      "Type": "AWS::IAM::Role",
      "UpdateReplacePolicy": "Retain",
    },
    "RetakeExamApiDeploymentA0E1E7FFfabc3124bae4310f93a451e20caecd44": {
      "DependsOn": [
        "RetakeExamApiOPTIONSC22ACDA9",
        "RetakeExamApisaveCatOPTIONSB9DACFA4",
        "RetakeExamApisaveCatPOST46506B23",
        "RetakeExamApisaveCat60F6664D",
      ],
      "Metadata": {
        "aws:cdk:do-not-refactor": true,
      },
      "Properties": {
        "Description": "Automatically created by the RestApi construct",
        "RestApiId": {
          "Ref": "RetakeExamApi63A028CF",
        },
      },
      "Type": "AWS::ApiGateway::Deployment",
    },
    "RetakeExamApiDeploymentStageprodD40DC8D4": {
      "DependsOn": [
        "RetakeExamApiAccount7585074D",
      ],
      "Properties": {
        "DeploymentId": {
          "Ref": "RetakeExamApiDeploymentA0E1E7FFfabc3124bae4310f93a451e20caecd44",
        },
        "RestApiId": {
          "Ref": "RetakeExamApi63A028CF",
        },
        "StageName": "prod",
      },
      "Type": "AWS::ApiGateway::Stage",
    },
    "RetakeExamApiOPTIONSC22ACDA9": {
      "Properties": {
        "ApiKeyRequired": false,
        "AuthorizationType": "NONE",
        "HttpMethod": "OPTIONS",
        "Integration": {
          "IntegrationResponses": [
            {
              "ResponseParameters": {
                "method.response.header.Access-Control-Allow-Credentials": "'true'",
                "method.response.header.Access-Control-Allow-Headers": "'Content-Type,Authorization,X-Amz-Date,X-Api-Key,X-Amz-Security-Token'",
                "method.response.header.Access-Control-Allow-Methods": "'OPTIONS,GET,PUT,POST,DELETE,PATCH,HEAD'",
                "method.response.header.Access-Control-Allow-Origin": "'*'",
                "method.response.header.Access-Control-Max-Age": "'300'",
              },
              "StatusCode": "204",
            },
          ],
          "RequestTemplates": {
            "application/json": "{ statusCode: 200 }",
          },
          "Type": "MOCK",
        },
        "MethodResponses": [
          {
            "ResponseParameters": {
              "method.response.header.Access-Control-Allow-Credentials": true,
              "method.response.header.Access-Control-Allow-Headers": true,
              "method.response.header.Access-Control-Allow-Methods": true,
              "method.response.header.Access-Control-Allow-Origin": true,
              "method.response.header.Access-Control-Max-Age": true,
            },
            "StatusCode": "204",
          },
        ],
        "ResourceId": {
          "Fn::GetAtt": [
            "RetakeExamApi63A028CF",
            "RootResourceId",
          ],
        },
        "RestApiId": {
          "Ref": "RetakeExamApi63A028CF",
        },
      },
      "Type": "AWS::ApiGateway::Method",
    },
    "RetakeExamApisaveCat60F6664D": {
      "Properties": {
        "ParentId": {
          "Fn::GetAtt": [
            "RetakeExamApi63A028CF",
            "RootResourceId",
          ],
        },
        "PathPart": "saveCat",
        "RestApiId": {
          "Ref": "RetakeExamApi63A028CF",
        },
      },
      "Type": "AWS::ApiGateway::Resource",
    },
    "RetakeExamApisaveCatOPTIONSB9DACFA4": {
      "Properties": {
        "ApiKeyRequired": false,
        "AuthorizationType": "NONE",
        "HttpMethod": "OPTIONS",
        "Integration": {
          "IntegrationResponses": [
            {
              "ResponseParameters": {
                "method.response.header.Access-Control-Allow-Credentials": "'true'",
                "method.response.header.Access-Control-Allow-Headers": "'Content-Type,Authorization,X-Amz-Date,X-Api-Key,X-Amz-Security-Token'",
                "method.response.header.Access-Control-Allow-Methods": "'OPTIONS,GET,PUT,POST,DELETE,PATCH,HEAD'",
                "method.response.header.Access-Control-Allow-Origin": "'*'",
                "method.response.header.Access-Control-Max-Age": "'300'",
              },
              "StatusCode": "204",
            },
          ],
          "RequestTemplates": {
            "application/json": "{ statusCode: 200 }",
          },
          "Type": "MOCK",
        },
        "MethodResponses": [
          {
            "ResponseParameters": {
              "method.response.header.Access-Control-Allow-Credentials": true,
              "method.response.header.Access-Control-Allow-Headers": true,
              "method.response.header.Access-Control-Allow-Methods": true,
              "method.response.header.Access-Control-Allow-Origin": true,
              "method.response.header.Access-Control-Max-Age": true,
            },
            "StatusCode": "204",
          },
        ],
        "ResourceId": {
          "Ref": "RetakeExamApisaveCat60F6664D",
        },
        "RestApiId": {
          "Ref": "RetakeExamApi63A028CF",
        },
      },
      "Type": "AWS::ApiGateway::Method",
    },
    "RetakeExamApisaveCatPOST46506B23": {
      "Properties": {
        "AuthorizationType": "NONE",
        "HttpMethod": "POST",
        "Integration": {
          "IntegrationHttpMethod": "POST",
          "Type": "AWS_PROXY",
          "Uri": {
            "Fn::Join": [
              "",
              [
                "arn:",
                {
                  "Ref": "AWS::Partition",
                },
                ":apigateway:",
                {
                  "Ref": "AWS::Region",
                },
                ":lambda:path/2015-03-31/functions/",
                {
                  "Fn::GetAtt": [
                    "SaveCatFunctionB1E6A7E2",
                    "Arn",
                  ],
                },
                "/invocations",
              ],
            ],
          },
        },
        "ResourceId": {
          "Ref": "RetakeExamApisaveCat60F6664D",
        },
        "RestApiId": {
          "Ref": "RetakeExamApi63A028CF",
        },
      },
      "Type": "AWS::ApiGateway::Method",
    },
    "RetakeExamApisaveCatPOSTApiPermissionMyTestStackRetakeExamApi6849B587POSTsaveCat61DB047B": {
      "Properties": {
        "Action": "lambda:InvokeFunction",
        "FunctionName": {
          "Fn::GetAtt": [
            "SaveCatFunctionB1E6A7E2",
            "Arn",
          ],
        },
        "Principal": "apigateway.amazonaws.com",
        "SourceArn": {
          "Fn::Join": [
            "",
            [
              "arn:",
              {
                "Ref": "AWS::Partition",
              },
              ":execute-api:",
              {
                "Ref": "AWS::Region",
              },
              ":",
              {
                "Ref": "AWS::AccountId",
              },
              ":",
              {
                "Ref": "RetakeExamApi63A028CF",
              },
              "/",
              {
                "Ref": "RetakeExamApiDeploymentStageprodD40DC8D4",
              },
              "/POST/saveCat",
            ],
          ],
        },
      },
      "Type": "AWS::Lambda::Permission",
    },
    "RetakeExamApisaveCatPOSTApiPermissionTestMyTestStackRetakeExamApi6849B587POSTsaveCat725DAF27": {
      "Properties": {
        "Action": "lambda:InvokeFunction",
        "FunctionName": {
          "Fn::GetAtt": [
            "SaveCatFunctionB1E6A7E2",
            "Arn",
          ],
        },
        "Principal": "apigateway.amazonaws.com",
        "SourceArn": {
          "Fn::Join": [
            "",
            [
              "arn:",
              {
                "Ref": "AWS::Partition",
              },
              ":execute-api:",
              {
                "Ref": "AWS::Region",
              },
              ":",
              {
                "Ref": "AWS::AccountId",
              },
              ":",
              {
                "Ref": "RetakeExamApi63A028CF",
              },
              "/test-invoke-stage/POST/saveCat",
            ],
          ],
        },
      },
      "Type": "AWS::Lambda::Permission",
    },
    "SaveCatFunctionB1E6A7E2": {
      "DependsOn": [
        "SaveCatFunctionServiceRoleDefaultPolicyFE3ED58F",
        "SaveCatFunctionServiceRole28ADBD2A",
      ],
      "Properties": {
        "Code": {
          "S3Bucket": {
            "Fn::Sub": "cdk-hnb659fds-assets-\${AWS::AccountId}-\${AWS::Region}",
          },
          "S3Key": "ceb596c2bce0afef2962275b9414b804c6015bf9f9e13d84a1b0cc349bfefe0c.zip",
        },
        "Environment": {
          "Variables": {
            "TABLE_NAME": {
              "Ref": "CatTableEAEA084A",
            },
            "TOPIC_ARN": {
              "Ref": "FavoriteCatTopic3AA713D1",
            },
          },
        },
        "Handler": "index.handler",
        "Role": {
          "Fn::GetAtt": [
            "SaveCatFunctionServiceRole28ADBD2A",
            "Arn",
          ],
        },
        "Runtime": "nodejs20.x",
      },
      "Type": "AWS::Lambda::Function",
    },
    "SaveCatFunctionInvokeLambdaFunctionEC6C07A4": {
      "Properties": {
        "Action": "lambda:InvokeFunction",
        "FunctionName": {
          "Fn::GetAtt": [
            "SaveCatFunctionB1E6A7E2",
            "Arn",
          ],
        },
        "Principal": "events.amazonaws.com",
        "SourceArn": {
          "Fn::Join": [
            "",
            [
              "arn:aws:events:",
              {
                "Ref": "AWS::Region",
              },
              ":",
              {
                "Ref": "AWS::AccountId",
              },
              ":rule/*",
            ],
          ],
        },
      },
      "Type": "AWS::Lambda::Permission",
    },
    "SaveCatFunctionServiceRole28ADBD2A": {
      "Properties": {
        "AssumeRolePolicyDocument": {
          "Statement": [
            {
              "Action": "sts:AssumeRole",
              "Effect": "Allow",
              "Principal": {
                "Service": "lambda.amazonaws.com",
              },
            },
          ],
          "Version": "2012-10-17",
        },
        "ManagedPolicyArns": [
          {
            "Fn::Join": [
              "",
              [
                "arn:",
                {
                  "Ref": "AWS::Partition",
                },
                ":iam::aws:policy/service-role/AWSLambdaBasicExecutionRole",
              ],
            ],
          },
        ],
      },
      "Type": "AWS::IAM::Role",
    },
    "SaveCatFunctionServiceRoleDefaultPolicyFE3ED58F": {
      "Properties": {
        "PolicyDocument": {
          "Statement": [
            {
              "Action": "sns:Publish",
              "Effect": "Allow",
              "Resource": {
                "Ref": "FavoriteCatTopic3AA713D1",
              },
            },
            {
              "Action": [
                "dynamodb:BatchWriteItem",
                "dynamodb:PutItem",
                "dynamodb:UpdateItem",
                "dynamodb:DeleteItem",
                "dynamodb:DescribeTable",
              ],
              "Effect": "Allow",
              "Resource": [
                {
                  "Fn::GetAtt": [
                    "CatTableEAEA084A",
                    "Arn",
                  ],
                },
                {
                  "Ref": "AWS::NoValue",
                },
              ],
            },
          ],
          "Version": "2012-10-17",
        },
        "PolicyName": "SaveCatFunctionServiceRoleDefaultPolicyFE3ED58F",
        "Roles": [
          {
            "Ref": "SaveCatFunctionServiceRole28ADBD2A",
          },
        ],
      },
      "Type": "AWS::IAM::Policy",
    },
  },
  "Rules": {
    "CheckBootstrapVersion": {
      "Assertions": [
        {
          "Assert": {
            "Fn::Not": [
              {
                "Fn::Contains": [
                  [
                    "1",
                    "2",
                    "3",
                    "4",
                    "5",
                  ],
                  {
                    "Ref": "BootstrapVersion",
                  },
                ],
              },
            ],
          },
          "AssertDescription": "CDK bootstrap stack version 6 required. Please run 'cdk bootstrap' with a recent version of the CDK CLI.",
        },
      ],
    },
  },
}
`;
