// Jest Snapshot v1, https://goo.gl/fbAQLP

exports[`Stack Snapshot Test 1`] = `
{
  "Outputs": {
    "AddSongApiEndpoint33801086": {
      "Value": {
        "Fn::Join": [
          "",
          [
            "https://",
            {
              "Ref": "AddSongApi6C726511",
            },
            ".execute-api.",
            {
              "Ref": "AWS::Region",
            },
            ".",
            {
              "Ref": "AWS::URLSuffix",
            },
            "/",
            {
              "Ref": "AddSongApiDeploymentStageprodA6A19AD7",
            },
            "/",
          ],
        ],
      },
    },
  },
  "Parameters": {
    "BootstrapVersion": {
      "Default": "/cdk-bootstrap/hnb659fds/version",
      "Description": "Version of the CDK Bootstrap resources in this environment, automatically retrieved from SSM Parameter Store. [cdk:skip]",
      "Type": "AWS::SSM::Parameter::Value<String>",
    },
  },
  "Resources": {
    "AddSongApi6C726511": {
      "Properties": {
        "Name": "AddSongApi",
      },
      "Type": "AWS::ApiGateway::RestApi",
    },
    "AddSongApiAccountF6FE22CD": {
      "DeletionPolicy": "Retain",
      "DependsOn": [
        "AddSongApi6C726511",
      ],
      "Properties": {
        "CloudWatchRoleArn": {
          "Fn::GetAtt": [
            "AddSongApiCloudWatchRole69E109A8",
            "Arn",
          ],
        },
      },
      "Type": "AWS::ApiGateway::Account",
      "UpdateReplacePolicy": "Retain",
    },
    "AddSongApiCloudWatchRole69E109A8": {
      "DeletionPolicy": "Retain",
      "Properties": {
        "AssumeRolePolicyDocument": {
          "Statement": [
            {
              "Action": "sts:AssumeRole",
              "Effect": "Allow",
              "Principal": {
                "Service": "apigateway.amazonaws.com",
              },
            },
          ],
          "Version": "2012-10-17",
        },
        "ManagedPolicyArns": [
          {
            "Fn::Join": [
              "",
              [
                "arn:",
                {
                  "Ref": "AWS::Partition",
                },
                ":iam::aws:policy/service-role/AmazonAPIGatewayPushToCloudWatchLogs",
              ],
            ],
          },
        ],
      },
      "Type": "AWS::IAM::Role",
      "UpdateReplacePolicy": "Retain",
    },
    "AddSongApiDeploymentCD40EEE31349f75d2cbcfb317660c5740463c3ba": {
      "DependsOn": [
        "AddSongApisongsPOST12701A20",
        "AddSongApisongs039670BF",
      ],
      "Metadata": {
        "aws:cdk:do-not-refactor": true,
      },
      "Properties": {
        "Description": "Automatically created by the RestApi construct",
        "RestApiId": {
          "Ref": "AddSongApi6C726511",
        },
      },
      "Type": "AWS::ApiGateway::Deployment",
    },
    "AddSongApiDeploymentStageprodA6A19AD7": {
      "DependsOn": [
        "AddSongApiAccountF6FE22CD",
      ],
      "Properties": {
        "DeploymentId": {
          "Ref": "AddSongApiDeploymentCD40EEE31349f75d2cbcfb317660c5740463c3ba",
        },
        "RestApiId": {
          "Ref": "AddSongApi6C726511",
        },
        "StageName": "prod",
      },
      "Type": "AWS::ApiGateway::Stage",
    },
    "AddSongApisongs039670BF": {
      "Properties": {
        "ParentId": {
          "Fn::GetAtt": [
            "AddSongApi6C726511",
            "RootResourceId",
          ],
        },
        "PathPart": "songs",
        "RestApiId": {
          "Ref": "AddSongApi6C726511",
        },
      },
      "Type": "AWS::ApiGateway::Resource",
    },
    "AddSongApisongsPOST12701A20": {
      "Properties": {
        "AuthorizationType": "NONE",
        "HttpMethod": "POST",
        "Integration": {
          "IntegrationHttpMethod": "POST",
          "Type": "AWS_PROXY",
          "Uri": {
            "Fn::Join": [
              "",
              [
                "arn:",
                {
                  "Ref": "AWS::Partition",
                },
                ":apigateway:",
                {
                  "Ref": "AWS::Region",
                },
                ":lambda:path/2015-03-31/functions/",
                {
                  "Fn::GetAtt": [
                    "AddSongFunctionE8E86DB6",
                    "Arn",
                  ],
                },
                "/invocations",
              ],
            ],
          },
        },
        "ResourceId": {
          "Ref": "AddSongApisongs039670BF",
        },
        "RestApiId": {
          "Ref": "AddSongApi6C726511",
        },
      },
      "Type": "AWS::ApiGateway::Method",
    },
    "AddSongApisongsPOSTApiPermissionMyTestStackAddSongApiD4C857BFPOSTsongsEC59C6D0": {
      "Properties": {
        "Action": "lambda:InvokeFunction",
        "FunctionName": {
          "Fn::GetAtt": [
            "AddSongFunctionE8E86DB6",
            "Arn",
          ],
        },
        "Principal": "apigateway.amazonaws.com",
        "SourceArn": {
          "Fn::Join": [
            "",
            [
              "arn:",
              {
                "Ref": "AWS::Partition",
              },
              ":execute-api:",
              {
                "Ref": "AWS::Region",
              },
              ":",
              {
                "Ref": "AWS::AccountId",
              },
              ":",
              {
                "Ref": "AddSongApi6C726511",
              },
              "/",
              {
                "Ref": "AddSongApiDeploymentStageprodA6A19AD7",
              },
              "/POST/songs",
            ],
          ],
        },
      },
      "Type": "AWS::Lambda::Permission",
    },
    "AddSongApisongsPOSTApiPermissionTestMyTestStackAddSongApiD4C857BFPOSTsongsF4598D4E": {
      "Properties": {
        "Action": "lambda:InvokeFunction",
        "FunctionName": {
          "Fn::GetAtt": [
            "AddSongFunctionE8E86DB6",
            "Arn",
          ],
        },
        "Principal": "apigateway.amazonaws.com",
        "SourceArn": {
          "Fn::Join": [
            "",
            [
              "arn:",
              {
                "Ref": "AWS::Partition",
              },
              ":execute-api:",
              {
                "Ref": "AWS::Region",
              },
              ":",
              {
                "Ref": "AWS::AccountId",
              },
              ":",
              {
                "Ref": "AddSongApi6C726511",
              },
              "/test-invoke-stage/POST/songs",
            ],
          ],
        },
      },
      "Type": "AWS::Lambda::Permission",
    },
    "AddSongFunctionE8E86DB6": {
      "DependsOn": [
        "AddSongFunctionServiceRoleDefaultPolicyBA781E3F",
        "AddSongFunctionServiceRoleE3235F42",
      ],
      "Properties": {
        "Code": {
          "S3Bucket": {
            "Fn::Sub": "cdk-hnb659fds-assets-\${AWS::AccountId}-\${AWS::Region}",
          },
          "S3Key": "dc117435bd036c3b17b7fc369a76431a60884cbb65fd0e153f44a7eeb0a3ee81.zip",
        },
        "Environment": {
          "Variables": {
            "TABLE_NAME": {
              "Ref": "SongTableE9BB44CE",
            },
          },
        },
        "Handler": "index.handler",
        "Role": {
          "Fn::GetAtt": [
            "AddSongFunctionServiceRoleE3235F42",
            "Arn",
          ],
        },
        "Runtime": "nodejs20.x",
      },
      "Type": "AWS::Lambda::Function",
    },
    "AddSongFunctionServiceRoleDefaultPolicyBA781E3F": {
      "Properties": {
        "PolicyDocument": {
          "Statement": [
            {
              "Action": [
                "dynamodb:BatchWriteItem",
                "dynamodb:PutItem",
                "dynamodb:UpdateItem",
                "dynamodb:DeleteItem",
                "dynamodb:DescribeTable",
              ],
              "Effect": "Allow",
              "Resource": [
                {
                  "Fn::GetAtt": [
                    "SongTableE9BB44CE",
                    "Arn",
                  ],
                },
                {
                  "Fn::Join": [
                    "",
                    [
                      {
                        "Fn::GetAtt": [
                          "SongTableE9BB44CE",
                          "Arn",
                        ],
                      },
                      "/index/*",
                    ],
                  ],
                },
              ],
            },
          ],
          "Version": "2012-10-17",
        },
        "PolicyName": "AddSongFunctionServiceRoleDefaultPolicyBA781E3F",
        "Roles": [
          {
            "Ref": "AddSongFunctionServiceRoleE3235F42",
          },
        ],
      },
      "Type": "AWS::IAM::Policy",
    },
    "AddSongFunctionServiceRoleE3235F42": {
      "Properties": {
        "AssumeRolePolicyDocument": {
          "Statement": [
            {
              "Action": "sts:AssumeRole",
              "Effect": "Allow",
              "Principal": {
                "Service": "lambda.amazonaws.com",
              },
            },
          ],
          "Version": "2012-10-17",
        },
        "ManagedPolicyArns": [
          {
            "Fn::Join": [
              "",
              [
                "arn:",
                {
                  "Ref": "AWS::Partition",
                },
                ":iam::aws:policy/service-role/AWSLambdaBasicExecutionRole",
              ],
            ],
          },
        ],
      },
      "Type": "AWS::IAM::Role",
    },
    "PlaySongFunction07BD50BA": {
      "DependsOn": [
        "PlaySongFunctionServiceRoleE57F888B",
      ],
      "Properties": {
        "Code": {
          "S3Bucket": {
            "Fn::Sub": "cdk-hnb659fds-assets-\${AWS::AccountId}-\${AWS::Region}",
          },
          "S3Key": "6e392383eef0871eefc10be52d06ebd1a309c7154ff5637a3a16c16fcbf1dabc.zip",
        },
        "Handler": "index.handler",
        "Role": {
          "Fn::GetAtt": [
            "PlaySongFunctionServiceRoleE57F888B",
            "Arn",
          ],
        },
        "Runtime": "nodejs20.x",
      },
      "Type": "AWS::Lambda::Function",
    },
    "PlaySongFunctionServiceRoleE57F888B": {
      "Properties": {
        "AssumeRolePolicyDocument": {
          "Statement": [
            {
              "Action": "sts:AssumeRole",
              "Effect": "Allow",
              "Principal": {
                "Service": "lambda.amazonaws.com",
              },
            },
          ],
          "Version": "2012-10-17",
        },
        "ManagedPolicyArns": [
          {
            "Fn::Join": [
              "",
              [
                "arn:",
                {
                  "Ref": "AWS::Partition",
                },
                ":iam::aws:policy/service-role/AWSLambdaBasicExecutionRole",
              ],
            ],
          },
        ],
      },
      "Type": "AWS::IAM::Role",
    },
    "SongBucket43CF00E8": {
      "DeletionPolicy": "Retain",
      "Type": "AWS::S3::Bucket",
      "UpdateReplacePolicy": "Retain",
    },
    "SongSubscription57D3E968": {
      "Properties": {
        "Endpoint": "BoykoBoev@students.softuni.bg",
        "Protocol": "email",
        "TopicArn": {
          "Ref": "SongTopic9793ADDC",
        },
      },
      "Type": "AWS::SNS::Subscription",
    },
    "SongTableE9BB44CE": {
      "DeletionPolicy": "Delete",
      "Properties": {
        "AttributeDefinitions": [
          {
            "AttributeName": "PK",
            "AttributeType": "S",
          },
          {
            "AttributeName": "SK",
            "AttributeType": "S",
          },
          {
            "AttributeName": "GSI-PK",
            "AttributeType": "S",
          },
        ],
        "BillingMode": "PAY_PER_REQUEST",
        "GlobalSecondaryIndexes": [
          {
            "IndexName": "GSI",
            "KeySchema": [
              {
                "AttributeName": "GSI-PK",
                "KeyType": "HASH",
              },
            ],
            "Projection": {
              "ProjectionType": "ALL",
            },
          },
        ],
        "KeySchema": [
          {
            "AttributeName": "PK",
            "KeyType": "HASH",
          },
          {
            "AttributeName": "SK",
            "KeyType": "RANGE",
          },
        ],
      },
      "Type": "AWS::DynamoDB::Table",
      "UpdateReplacePolicy": "Delete",
    },
    "SongTopic9793ADDC": {
      "Type": "AWS::SNS::Topic",
    },
  },
  "Rules": {
    "CheckBootstrapVersion": {
      "Assertions": [
        {
          "Assert": {
            "Fn::Not": [
              {
                "Fn::Contains": [
                  [
                    "1",
                    "2",
                    "3",
                    "4",
                    "5",
                  ],
                  {
                    "Ref": "BootstrapVersion",
                  },
                ],
              },
            ],
          },
          "AssertDescription": "CDK bootstrap stack version 6 required. Please run 'cdk bootstrap' with a recent version of the CDK CLI.",
        },
      ],
    },
  },
}
`;
